inputs:
    - data_stream:
        namespace: ep
      meta:
        package:
            name: ti_redflag
      name: test-default-policy-ti_redflag
      streams:
        - data_stream:
            dataset: ti_redflag.domains
          interval: 12h
          program: |-
            state.with(
              (state.?last_full.orValue("") == "" || (now - timestamp(state.last_full)) > duration(state.full_fetch_interval)) ?
                dyn(
                  request(
                    "GET",
                    state.url
                  ).do_request().as(resp,
                    (resp.StatusCode == 200) ? dyn({
                      "events": string(resp.Body)
                        .split('\n')
                        .filter(line, line != '' && !line.startsWith('#'))
                        .map(domain, {"message": domain}),
                      "last_full": now.format("2006-01-02T15:04:05.000Z07:00")
                    }) : dyn({
                      "events": {
                        "error": {
                          "message": "Failed to download Red Flag Domains full feed. Status code: " + string(resp.StatusCode)
                        }
                      }
                    })
                  )
                )
              :
                dyn(
                  request(
                    "GET",
                    state.daily_url + "/" + (now - duration("24h")).format("2006-01-02") + ".txt"
                  ).do_request().as(resp,
                    (resp.StatusCode == 200) ? dyn({
                      "events": string(resp.Body)
                        .split('\n')
                        .filter(line, line != '' && !line.startsWith('#'))
                        .map(domain, {"message": domain})
                    }) : dyn({
                      "events": {
                        "error": {
                          "message": "Failed to download Red Flag Domains daily feed. Status code: " + string(resp.StatusCode)
                        }
                      }
                    })
                  )
                )
            )
          resource.timeout: 30s
          resource.url: https://dl.red.flag.domains/red.flag.domains.txt
          state:
            daily_url: https://dl.red.flag.domains/daily
            full_fetch_interval: 168h
            url: https://dl.red.flag.domains/red.flag.domains.txt
          tags:
            - red-flag-domains
            - forwarded
      type: cel
      use_output: default
output_permissions:
    default:
        _elastic_agent_checks:
            cluster:
                - monitor
        _elastic_agent_monitoring:
            indices: []
        uuid-for-permissions-on-related-indices:
            indices:
                - names:
                    - logs-ti_redflag.domains-ep
                  privileges:
                    - auto_configure
                    - create_doc
secret_references: []
